{
  "parent": "kello:block/cube_particle",
  "textures": {
    "particle": "kello:item/visual/starfield/golden_stars_5",
    "all": "minecraft:block/note_block"
  }
}